// Jest Snapshot v1, https://goo.gl/fbAQLP

exports[`WHEN mounting the component renders correctly 1`] = `ReactWrapper {}`;
