// Jest Snapshot v1, https://goo.gl/fbAQLP

exports[`When it mounts the component renders correctly 1`] = `ShallowWrapper {}`;
