// Jest Snapshot v1, https://goo.gl/fbAQLP

exports[`SearchPage renders correctly 1`] = `ShallowWrapper {}`;
