// Jest Snapshot v1, https://goo.gl/fbAQLP

exports[`SearchInput renders correctly 1`] = `ReactWrapper {}`;
